// Jest Snapshot v1, https://goo.gl/fbAQLP

exports[`SearchBar Should Render correctly 1`] = `
<View
  style={
    Array [
      Object {
        "backgroundColor": "#21263e",
        "borderRadius": 10,
        "flexDirection": "row",
        "marginBottom": 15,
        "marginLeft": 0,
        "marginRight": 0,
        "marginTop": 15,
        "paddingBottom": 0,
        "paddingLeft": 10,
        "paddingRight": 0,
        "paddingTop": 0,
        "width": "100%",
      },
    ]
  }
>
  <Text />
  <TextInput
    allowFontScaling={true}
    onChangeText={[Function]}
    placeholder="search..."
    placeholderTextColor="rgba(255,255,255,0.4)"
    rejectResponderTermination={true}
    style={
      Array [
        Object {
          "color": "#FFF",
          "flexBasis": 0,
          "flexGrow": 1,
          "flexShrink": 1,
          "fontFamily": "Inter_400Regular",
          "fontSize": 16,
          "marginBottom": 15,
          "marginLeft": 10,
          "marginRight": 0,
          "marginTop": 15,
        },
      ]
    }
    underlineColorAndroid="transparent"
    value=""
  />
</View>
`;
